// Jest Snapshot v1, https://goo.gl/fbAQLP

exports[`db2 call group definition should not have changed 1`] = `
Object {
  "description": "Call a Db2 stored procedure",
  "experimental": true,
  "name": "call",
  "summary": "Call a stored procedure",
  "type": "group",
}
`;
