// Jest Snapshot v1, https://goo.gl/fbAQLP

exports[`db2 call command should display the help 1`] = `
"
 DESCRIPTION
 -----------

   Call a Db2 stored procedure

 USAGE
 -----

   bright db2 call [command]

 COMMANDS
 --------

   procedure | proc | sp (experimental) Call a Db2 stored procedure

 GLOBAL OPTIONS
 --------------

   --response-format-json  | --rfj (boolean)

      Produce JSON formatted data from a command

   --help  | -h (boolean)

      Display help text

{
  \\"success\\": true,
  \\"message\\": \\"The help was constructed for command: call.\\",
  \\"stdout\\": \\"\\\\n DESCRIPTION\\\\n -----------\\\\n\\\\n   Call a Db2 stored procedure\\\\n\\\\n USAGE\\\\n -----\\\\n\\\\n   bright db2 call [command]\\\\n\\\\n COMMANDS\\\\n --------\\\\n\\\\n   procedure | proc | sp (experimental) Call a Db2 stored procedure\\\\n\\\\n GLOBAL OPTIONS\\\\n --------------\\\\n\\\\n   --response-format-json  | --rfj (boolean)\\\\n\\\\n      Produce JSON formatted data from a command\\\\n\\\\n   --help  | -h (boolean)\\\\n\\\\n      Display help text\\\\n\\\\n\\",
  \\"stderr\\": \\"\\",
  \\"data\\": \\"\\\\n DESCRIPTION\\\\n -----------\\\\n\\\\n   Call a Db2 stored procedure\\\\n\\\\n USAGE\\\\n -----\\\\n\\\\n   bright db2 call [command]\\\\n\\\\n COMMANDS\\\\n --------\\\\n\\\\n   procedure | proc | sp (experimental) Call a Db2 stored procedure\\\\n\\\\n GLOBAL OPTIONS\\\\n --------------\\\\n\\\\n   --response-format-json  | --rfj (boolean)\\\\n\\\\n      Produce JSON formatted data from a command\\\\n\\\\n   --help  | -h (boolean)\\\\n\\\\n      Display help text\\\\n\\\\n\\"
}"
`;

exports[`db2 call command should fail with invalid option 1`] = `
"Command Error:
Unknown argument: sp
Command failed due to improper syntax
Error Details:
Unknown argument: sp
"
`;

exports[`db2 call command should fail with invalid option 2`] = `""`;

exports[`db2 call command should fail with invalid parameter 1`] = `
"Command Error:
Unknown arguments: routine, DEMOUSER.DEMOSP1
Command failed due to improper syntax
Error Details:
Unknown arguments: routine, DEMOUSER.DEMOSP1
"
`;

exports[`db2 call command should fail with invalid parameter 2`] = `""`;
